Using pre-set license
Built from '2021.3/staging' branch; Version is '2021.3.18f1 (3129e69bc0c7) revision 3221990'; Using compiler version '192829333'; Build Type 'Release'
OS: 'Windows 11  (10.0.26100) 64bit Professional' Language: 'en' Physical Memory: 7926 MB
BatchMode: 1, IsHumanControllingUs: 0, StartBugReporterOnCrash: 0, Is64bit: 1, IsPro: 1

COMMAND LINE ARGUMENTS:
C:\Program Files\Unity\Hub\Editor\2021.3.18f1\Editor\Unity.exe
-adb2
-batchMode
-noUpm
-name
AssetImportWorker0
-projectPath
C:/Developing UX/alpha2025/My project (1)
-logFile
Logs/AssetImportWorker0.log
-srvPort
58518
Successfully changed project path to: C:/Developing UX/alpha2025/My project (1)
C:/Developing UX/alpha2025/My project (1)
[UnityMemory] Configuration Parameters - Can be set up in boot.config
    "memorysetup-bucket-allocator-granularity=16"
    "memorysetup-bucket-allocator-bucket-count=8"
    "memorysetup-bucket-allocator-block-size=33554432"
    "memorysetup-bucket-allocator-block-count=8"
    "memorysetup-main-allocator-block-size=16777216"
    "memorysetup-thread-allocator-block-size=16777216"
    "memorysetup-gfx-main-allocator-block-size=16777216"
    "memorysetup-gfx-thread-allocator-block-size=16777216"
    "memorysetup-cache-allocator-block-size=4194304"
    "memorysetup-typetree-allocator-block-size=2097152"
    "memorysetup-profiler-bucket-allocator-granularity=16"
    "memorysetup-profiler-bucket-allocator-bucket-count=8"
    "memorysetup-profiler-bucket-allocator-block-size=33554432"
    "memorysetup-profiler-bucket-allocator-block-count=8"
    "memorysetup-profiler-allocator-block-size=16777216"
    "memorysetup-profiler-editor-allocator-block-size=1048576"
    "memorysetup-temp-allocator-size-main=16777216"
    "memorysetup-job-temp-allocator-block-size=2097152"
    "memorysetup-job-temp-allocator-block-size-background=1048576"
    "memorysetup-job-temp-allocator-reduction-small-platforms=262144"
    "memorysetup-temp-allocator-size-background-worker=32768"
    "memorysetup-temp-allocator-size-job-worker=262144"
    "memorysetup-temp-allocator-size-preload-manager=33554432"
    "memorysetup-temp-allocator-size-nav-mesh-worker=65536"
    "memorysetup-temp-allocator-size-audio-worker=65536"
    "memorysetup-temp-allocator-size-cloud-worker=32768"
    "memorysetup-temp-allocator-size-gi-baking-worker=262144"
    "memorysetup-temp-allocator-size-gfx=262144"
Player connection [39888] Host "[IP] 192.168.213.192 [Port] 0 [Flags] 2 [Guid] 904154552 [EditorId] 904154552 [Version] 1048832 [Id] WindowsEditor(7,DESKTOP-9U62IG2) [Debug] 1 [PackageName] WindowsEditor [ProjectName] Editor" joined multi-casting on [225.0.0.222:54997]...

Player connection [39888] Host "[IP] 192.168.213.192 [Port] 0 [Flags] 2 [Guid] 904154552 [EditorId] 904154552 [Version] 1048832 [Id] WindowsEditor(7,DESKTOP-9U62IG2) [Debug] 1 [PackageName] WindowsEditor [ProjectName] Editor" joined alternative multi-casting on [225.0.0.222:34997]...

Refreshing native plugins compatible for Editor in 125.85 ms, found 3 plugins.
Preloading 0 native plugins for Editor in 0.00 ms.
Initialize engine version: 2021.3.18f1 (3129e69bc0c7)
[Subsystems] Discovering subsystems at path C:/Program Files/Unity/Hub/Editor/2021.3.18f1/Editor/Data/Resources/UnitySubsystems
[Subsystems] Discovering subsystems at path C:/Developing UX/alpha2025/My project (1)/Assets
GfxDevice: creating device client; threaded=0; jobified=0
Direct3D:
    Version:  Direct3D 11.0 [level 11.1]
    Renderer: NVIDIA GeForce MX450 (ID=0x1f97)
    Vendor:   NVIDIA
    VRAM:     1906 MB
    Driver:   32.0.15.6641
Initialize mono
Mono path[0] = 'C:/Program Files/Unity/Hub/Editor/2021.3.18f1/Editor/Data/Managed'
Mono path[1] = 'C:/Program Files/Unity/Hub/Editor/2021.3.18f1/Editor/Data/MonoBleedingEdge/lib/mono/unityjit-win32'
Mono config path = 'C:/Program Files/Unity/Hub/Editor/2021.3.18f1/Editor/Data/MonoBleedingEdge/etc'
Using monoOptions --debugger-agent=transport=dt_socket,embedding=1,server=y,suspend=n,address=127.0.0.1:56484
Begin MonoManager ReloadAssembly
Registering precompiled unity dll's ...
Register platform support module: C:/Program Files/Unity/Hub/Editor/2021.3.18f1/Editor/Data/PlaybackEngines/WebGLSupport/UnityEditor.WebGL.Extensions.dll
Register platform support module: C:/Program Files/Unity/Hub/Editor/2021.3.18f1/Editor/Data/PlaybackEngines/AndroidPlayer/UnityEditor.Android.Extensions.dll
Register platform support module: C:/Program Files/Unity/Hub/Editor/2021.3.18f1/Editor/Data/PlaybackEngines/WindowsStandaloneSupport/UnityEditor.WindowsStandalone.Extensions.dll
Registered in 0.025038 seconds.
Native extension for WindowsStandalone target not found
Native extension for Android target not found
Android Extension - Scanning For ADB Devices 524 ms
Native extension for WebGL target not found
Refreshing native plugins compatible for Editor in 127.21 ms, found 3 plugins.
Preloading 0 native plugins for Editor in 0.00 ms.
Mono: successfully reloaded assembly
- Completed reload, in  1.508 seconds
Domain Reload Profiling:
	ReloadAssembly (1508ms)
		BeginReloadAssembly (167ms)
			ExecutionOrderSort (0ms)
			DisableScriptedObjects (0ms)
			BackupInstance (0ms)
			ReleaseScriptingObjects (0ms)
			CreateAndSetChildDomain (1ms)
		EndReloadAssembly (1164ms)
			LoadAssemblies (168ms)
			RebuildTransferFunctionScriptingTraits (0ms)
			SetupTypeCache (150ms)
			ReleaseScriptCaches (0ms)
			RebuildScriptCaches (39ms)
			SetupLoadedEditorAssemblies (910ms)
				LogAssemblyErrors (0ms)
				InitializePlatformSupportModulesInManaged (613ms)
				SetLoadedEditorAssemblies (0ms)
				RefreshPlugins (127ms)
				BeforeProcessingInitializeOnLoad (2ms)
				ProcessInitializeOnLoadAttributes (114ms)
				ProcessInitializeOnLoadMethodAttributes (53ms)
				AfterProcessingInitializeOnLoad (0ms)
				EditorAssembliesLoaded (0ms)
			ExecutionOrderSort2 (0ms)
			AwakeInstancesAfterBackupRestoration (0ms)
Platform modules already initialized, skipping
Registering precompiled user dll's ...
Registered in 0.006555 seconds.
Begin MonoManager ReloadAssembly
Native extension for WindowsStandalone target not found
Native extension for Android target not found
Native extension for WebGL target not found
Refreshing native plugins compatible for Editor in 172.24 ms, found 3 plugins.
Preloading 0 native plugins for Editor in 0.00 ms.
Mono: successfully reloaded assembly
- Completed reload, in  2.146 seconds
Domain Reload Profiling:
	ReloadAssembly (2148ms)
		BeginReloadAssembly (165ms)
			ExecutionOrderSort (0ms)
			DisableScriptedObjects (9ms)
			BackupInstance (0ms)
			ReleaseScriptingObjects (0ms)
			CreateAndSetChildDomain (26ms)
		EndReloadAssembly (1819ms)
			LoadAssemblies (189ms)
			RebuildTransferFunctionScriptingTraits (0ms)
			SetupTypeCache (703ms)
			ReleaseScriptCaches (2ms)
			RebuildScriptCaches (84ms)
			SetupLoadedEditorAssemblies (802ms)
				LogAssemblyErrors (0ms)
				InitializePlatformSupportModulesInManaged (26ms)
				SetLoadedEditorAssemblies (0ms)
				RefreshPlugins (172ms)
				BeforeProcessingInitializeOnLoad (162ms)
				ProcessInitializeOnLoadAttributes (409ms)
				ProcessInitializeOnLoadMethodAttributes (24ms)
				AfterProcessingInitializeOnLoad (7ms)
				EditorAssembliesLoaded (0ms)
			ExecutionOrderSort2 (0ms)
			AwakeInstancesAfterBackupRestoration (7ms)
Platform modules already initialized, skipping
========================================================================
Worker process is ready to serve import requests
Launched and connected shader compiler UnityShaderCompiler.exe after 0.10 seconds
Refreshing native plugins compatible for Editor in 1.12 ms, found 3 plugins.
Preloading 0 native plugins for Editor in 0.00 ms.
Unloading 3780 Unused Serialized files (Serialized files now loaded: 0)
Unloading 27 unused Assets / (95.4 KB). Loaded Objects now: 4245.
Memory consumption went from 139.5 MB to 139.4 MB.
Total: 5.016000 ms (FindLiveObjects: 0.555600 ms CreateObjectMapping: 0.172200 ms MarkObjects: 4.112700 ms  DeleteObjects: 0.172300 ms)

AssetImportParameters requested are different than current active one (requested -> active):
  custom:video-decoder-ogg-theora: a1e56fd34408186e4bbccfd4996cb3dc -> 
  custom:container-muxer-webm: aa71ff27fc2769a1b78a27578f13a17b -> 
  custom:container-demuxer-webm: 4f35f7cbe854078d1ac9338744f61a02 -> 
  custom:video-encoder-webm-vp8: eb34c28f22e8b96e1ab97ce403110664 -> 
  custom:video-codec-MediaFoundation-h265: 746d11721c4dcdbdad8f713fa42b33f4 -> 
  custom:audio-encoder-webm-vorbis: bf7c407c2cedff20999df2af8eb42d56 -> 
  custom:framework-win-MediaFoundation: 216162199b28c13a410421893ffa2e32 -> 
  custom:container-demuxer-ogg: 62fdf1f143b41e24485cea50d1cbac27 -> 
  custom:video-decoder-webm-vp8: 9c59270c3fd7afecdb556c50c9e8de78 -> 
  custom:audio-decoder-ogg-vorbis: bf7c407c2cedff20999df2af8eb42d56 -> 
========================================================================
Received Import Request.
  Time since last request: 49500.206099 seconds.
  path: Assets/Jake
  artifactKey: Guid(2f411d8185762f74cb6812bbe1731f4c) Importer(815301076,1909f56bfc062723c751e8b465ee728b)
Start importing Assets/Jake using Guid(2f411d8185762f74cb6812bbe1731f4c) Importer(815301076,1909f56bfc062723c751e8b465ee728b)  -> (artifact id: '3ebaf8fcdd2dc4ffe2679d772edf4c1f') in 0.020035 seconds 
========================================================================
Received Import Request.
  Time since last request: 25.633344 seconds.
  path: Assets/New Terrain 1.asset
  artifactKey: Guid(f9d55fade4f841246aaa31ab4ca6165d) Importer(815301076,1909f56bfc062723c751e8b465ee728b)
Start importing Assets/New Terrain 1.asset using Guid(f9d55fade4f841246aaa31ab4ca6165d) Importer(815301076,1909f56bfc062723c751e8b465ee728b)  -> (artifact id: 'f2d9beec1e4366dfe07ae851d3d60c4c') in 0.069182 seconds 
========================================================================
Received Import Request.
  Time since last request: 18.610713 seconds.
  path: Assets/Jake/Assets
  artifactKey: Guid(06e2b5dba22d7824ea5d4095cfd308af) Importer(815301076,1909f56bfc062723c751e8b465ee728b)
Start importing Assets/Jake/Assets using Guid(06e2b5dba22d7824ea5d4095cfd308af) Importer(815301076,1909f56bfc062723c751e8b465ee728b)  -> (artifact id: '1843af8007872e181b25ba345c6650ac') in 0.019110 seconds 
========================================================================
Received Import Request.
  Time since last request: 91.951588 seconds.
  path: Assets/Prefabs
  artifactKey: Guid(ef1d0c449fac0f54bb37427df68790c7) Importer(815301076,1909f56bfc062723c751e8b465ee728b)
Start importing Assets/Prefabs using Guid(ef1d0c449fac0f54bb37427df68790c7) Importer(815301076,1909f56bfc062723c751e8b465ee728b)  -> (artifact id: '135a746f06cce72aec4d8697b52b60f9') in 0.020143 seconds 
========================================================================
Received Import Request.
  Time since last request: 0.055165 seconds.
  path: Assets/Prefabs/Terrain (1).prefab
  artifactKey: Guid(a347b83c75d666c41b32c1cf25fa54f3) Importer(815301076,1909f56bfc062723c751e8b465ee728b)
Start importing Assets/Prefabs/Terrain (1).prefab using Guid(a347b83c75d666c41b32c1cf25fa54f3) Importer(815301076,1909f56bfc062723c751e8b465ee728b)  -> (artifact id: '07f9ba90d6d16e943b154f1033e66bb4') in 0.043730 seconds 
========================================================================
Received Import Request.
  Time since last request: 9.462480 seconds.
  path: Assets/Jake/Prefabs
  artifactKey: Guid(de80c5c043bbea44ab45c47af70cbc07) Importer(815301076,1909f56bfc062723c751e8b465ee728b)
Start importing Assets/Jake/Prefabs using Guid(de80c5c043bbea44ab45c47af70cbc07) Importer(815301076,1909f56bfc062723c751e8b465ee728b)  -> (artifact id: '1cd041c89ab9d703bd6fc6ab1a57f1a6') in 0.004171 seconds 
========================================================================
Received Import Request.
  Time since last request: 5.430652 seconds.
  path: Assets/Imports
  artifactKey: Guid(f85f4120908a4d64fbb2a2391efe4d12) Importer(815301076,1909f56bfc062723c751e8b465ee728b)
Start importing Assets/Imports using Guid(f85f4120908a4d64fbb2a2391efe4d12) Importer(815301076,1909f56bfc062723c751e8b465ee728b)  -> (artifact id: 'fc5b3d5267b911f558825fef7c4dcce7') in 0.023249 seconds 
========================================================================
Received Import Request.
  Time since last request: 0.716610 seconds.
  path: Assets/Imports/Lunar Landscape 3D
  artifactKey: Guid(87b5fb3a7c3ef7a4e8692ff30ad210c4) Importer(815301076,1909f56bfc062723c751e8b465ee728b)
Start importing Assets/Imports/Lunar Landscape 3D using Guid(87b5fb3a7c3ef7a4e8692ff30ad210c4) Importer(815301076,1909f56bfc062723c751e8b465ee728b)  -> (artifact id: 'a76c1211e18ed8d8f958cf34cd5dc490') in 0.018197 seconds 
========================================================================
Received Import Request.
  Time since last request: 48.509145 seconds.
  path: Assets/Jake/Assets/New Terrain.asset
  artifactKey: Guid(e1e5b66351d95a64e9b1a67519cee8da) Importer(815301076,1909f56bfc062723c751e8b465ee728b)
Start importing Assets/Jake/Assets/New Terrain.asset using Guid(e1e5b66351d95a64e9b1a67519cee8da) Importer(815301076,1909f56bfc062723c751e8b465ee728b) The tree Rocks_02 must use the Nature/Soft Occlusion shader. Otherwise billboarding/lighting will not work correctly.
The tree SandPit_Collision must use the Nature/Soft Occlusion shader. Otherwise billboarding/lighting will not work correctly.
The tree Rocks couldn't be instanced because the prefab contains no valid mesh renderer.
The tree Rocks_03 must use the Nature/Soft Occlusion shader. Otherwise billboarding/lighting will not work correctly.
 -> (artifact id: '3bf3cac47c3e8d6b09fdf446e3dcd190') in 0.131620 seconds 
========================================================================
Received Prepare
Registering precompiled user dll's ...
Registered in 0.006505 seconds.
Begin MonoManager ReloadAssembly
Native extension for WindowsStandalone target not found
Native extension for Android target not found
Native extension for WebGL target not found
Refreshing native plugins compatible for Editor in 1.36 ms, found 3 plugins.
Preloading 0 native plugins for Editor in 0.00 ms.
Mono: successfully reloaded assembly
- Completed reload, in  1.816 seconds
Domain Reload Profiling:
	ReloadAssembly (1817ms)
		BeginReloadAssembly (319ms)
			ExecutionOrderSort (0ms)
			DisableScriptedObjects (12ms)
			BackupInstance (0ms)
			ReleaseScriptingObjects (0ms)
			CreateAndSetChildDomain (111ms)
		EndReloadAssembly (1364ms)
			LoadAssemblies (151ms)
			RebuildTransferFunctionScriptingTraits (0ms)
			SetupTypeCache (452ms)
			ReleaseScriptCaches (3ms)
			RebuildScriptCaches (65ms)
			SetupLoadedEditorAssemblies (626ms)
				LogAssemblyErrors (0ms)
				InitializePlatformSupportModulesInManaged (44ms)
				SetLoadedEditorAssemblies (1ms)
				RefreshPlugins (1ms)
				BeforeProcessingInitializeOnLoad (108ms)
				ProcessInitializeOnLoadAttributes (423ms)
				ProcessInitializeOnLoadMethodAttributes (40ms)
				AfterProcessingInitializeOnLoad (8ms)
				EditorAssembliesLoaded (0ms)
			ExecutionOrderSort2 (0ms)
			AwakeInstancesAfterBackupRestoration (7ms)
Platform modules already initialized, skipping
Refreshing native plugins compatible for Editor in 2.67 ms, found 3 plugins.
Preloading 0 native plugins for Editor in 0.00 ms.
Unloading 3781 Unused Serialized files (Serialized files now loaded: 0)
Unloading 20 unused Assets / (0.6 MB). Loaded Objects now: 4280.
Memory consumption went from 138.5 MB to 137.9 MB.
Total: 8.629900 ms (FindLiveObjects: 0.823000 ms CreateObjectMapping: 0.249300 ms MarkObjects: 7.049100 ms  DeleteObjects: 0.506300 ms)

AssetImportParameters requested are different than current active one (requested -> active):
  custom:video-decoder-ogg-theora: a1e56fd34408186e4bbccfd4996cb3dc -> 
  custom:container-muxer-webm: aa71ff27fc2769a1b78a27578f13a17b -> 
  custom:container-demuxer-webm: 4f35f7cbe854078d1ac9338744f61a02 -> 
  custom:video-encoder-webm-vp8: eb34c28f22e8b96e1ab97ce403110664 -> 
  custom:video-codec-MediaFoundation-h265: 746d11721c4dcdbdad8f713fa42b33f4 -> 
  custom:audio-encoder-webm-vorbis: bf7c407c2cedff20999df2af8eb42d56 -> 
  custom:framework-win-MediaFoundation: 216162199b28c13a410421893ffa2e32 -> 
  custom:container-demuxer-ogg: 62fdf1f143b41e24485cea50d1cbac27 -> 
  custom:video-decoder-webm-vp8: 9c59270c3fd7afecdb556c50c9e8de78 -> 
  custom:audio-decoder-ogg-vorbis: bf7c407c2cedff20999df2af8eb42d56 -> 
========================================================================
Received Import Request.
  Time since last request: 31.619760 seconds.
  path: Assets/Prefabs/Player.prefab
  artifactKey: Guid(354618222f9fc034da13c974b7c01286) Importer(815301076,1909f56bfc062723c751e8b465ee728b)
Start importing Assets/Prefabs/Player.prefab using Guid(354618222f9fc034da13c974b7c01286) Importer(815301076,1909f56bfc062723c751e8b465ee728b)  -> (artifact id: '2a091fc997677b6356d9ed9d25bdfb21') in 0.024118 seconds 
========================================================================
Received Import Request.
  Time since last request: 3.520589 seconds.
  path: Assets/Jake/Prefabs/Player.prefab
  artifactKey: Guid(354618222f9fc034da13c974b7c01286) Importer(815301076,1909f56bfc062723c751e8b465ee728b)
Start importing Assets/Jake/Prefabs/Player.prefab using Guid(354618222f9fc034da13c974b7c01286) Importer(815301076,1909f56bfc062723c751e8b465ee728b)  -> (artifact id: '68a79ead41b52011d9b10c04bd821b71') in 0.619084 seconds 
========================================================================
Received Import Request.
  Time since last request: 29.528547 seconds.
  path: Assets/New Material.mat
  artifactKey: Guid(9ec522aa837d1b54b9aa1c44e045971b) Importer(815301076,1909f56bfc062723c751e8b465ee728b)
Start importing Assets/New Material.mat using Guid(9ec522aa837d1b54b9aa1c44e045971b) Importer(815301076,1909f56bfc062723c751e8b465ee728b)  -> (artifact id: '0135e4906e298df136114b2d4a64bcef') in 0.293995 seconds 
========================================================================
Received Import Request.
  Time since last request: 28.573791 seconds.
  path: Assets/Jake/Prefabs/4SideDiamond.prefab
  artifactKey: Guid(088ee2a95a6abc64294001d7f469a4d8) Importer(815301076,1909f56bfc062723c751e8b465ee728b)
Start importing Assets/Jake/Prefabs/4SideDiamond.prefab using Guid(088ee2a95a6abc64294001d7f469a4d8) Importer(815301076,1909f56bfc062723c751e8b465ee728b)  -> (artifact id: '1ae80d86c55fceafe0fc20433625a479') in 0.039648 seconds 
========================================================================
Received Import Request.
  Time since last request: 69.296512 seconds.
  path: Assets/Jake/Prefabs/vThirdPersonCamera_LITE.prefab
  artifactKey: Guid(875ecb79df4481b468212f8af6ea6865) Importer(815301076,1909f56bfc062723c751e8b465ee728b)
Start importing Assets/Jake/Prefabs/vThirdPersonCamera_LITE.prefab using Guid(875ecb79df4481b468212f8af6ea6865) Importer(815301076,1909f56bfc062723c751e8b465ee728b)  -> (artifact id: '14b09b0c14c0e021694f967ab1238851') in 0.027952 seconds 
